// Jest Snapshot v1, https://goo.gl/fbAQLP

exports[`<HomePage /> should render and match the snapshot 1`] = `
<article>
  <div>
    <section
      class="Section-sc-1eulrsm-0 CenteredSection-sc-6zy0wx-0 imGCbL"
    >
      <h2
        class="H2-egphza-0 HsCXl"
      >
        Start your next react project in seconds
      </h2>
      <p>
        A highly scalable, offline-first foundation with the best DX and a focus on performance and best practices
      </p>
    </section>
    <section
      class="Section-sc-1eulrsm-0 eTEsZl"
    >
      <h2
        class="H2-egphza-0 HsCXl"
      >
        Try me!
      </h2>
      <form
        class="Form-dmhz4x-0 ZClLh"
      >
        <label
          for="username"
        >
          Show Github repositories by
          <span
            class="AtPrefix-sc-1suuq8o-0 fvrDQr"
          >
            @
          </span>
          <input
            class="Input-sc-19rkjmi-0 gyJaEd"
            id="username"
            placeholder="mxstbr"
            type="text"
            value=""
          />
        </label>
      </form>
    </section>
  </div>
</article>
`;
